0 verbose cli /data/data/com.termux/files/usr/bin/node /data/data/com.termux/files/usr/bin/npm
1 info using npm@11.17.0
2 info using node@v26.3.1
3 silly config load:file:/data/data/com.termux/files/usr/lib/node_modules/npm/npmrc
4 silly config load:file:/data/data/com.termux/files/home/.npmrc
5 silly config load:file:/data/data/com.termux/files/usr/etc/npmrc
6 verbose title npm install express cors
7 verbose argv "install" "express" "cors"
8 verbose logfile logs-max:10 dir:/data/data/com.termux/files/home/.npm/_logs/2026-09-20T18_48_32_156Z-
9 verbose logfile /data/data/com.termux/files/home/.npm/_logs/2026-09-20T18_48_32_156Z-debug-0.log
10 silly logfile done cleaning log files
11 silly packumentCache heap:2248146944 maxSize:562036736 maxEntrySize:281018368
12 silly idealTree buildDeps
13 silly fetch manifest express@*
14 silly packumentCache full:https://registry.npmjs.org/express cache-miss
15 http fetch GET 200 https://registry.npmjs.org/express 499ms (cache miss)
16 silly packumentCache full:https://registry.npmjs.org/express set size:undefined disposed:false
17 silly fetch manifest cors@*
18 silly packumentCache full:https://registry.npmjs.org/cors cache-miss
19 http fetch GET 200 https://registry.npmjs.org/cors 193ms (cache miss)
20 silly packumentCache full:https://registry.npmjs.org/cors set size:undefined disposed:false
21 silly placeDep ROOT cors@2.8.6 OK for: home@1.0.0 want: *
22 silly placeDep ROOT express@5.2.1 OK for: home@1.0.0 want: *
23 silly fetch manifest object-assign@^4
24 silly packumentCache full:https://registry.npmjs.org/object-assign cache-miss
25 silly fetch manifest vary@^1
26 silly packumentCache full:https://registry.npmjs.org/vary cache-miss
27 silly fetch manifest qs@^6.14.0
28 silly packumentCache full:https://registry.npmjs.org/qs cache-miss
29 silly fetch manifest depd@^2.0.0
30 silly packumentCache full:https://registry.npmjs.org/depd cache-miss
31 silly fetch manifest etag@^1.8.1
32 silly packumentCache full:https://registry.npmjs.org/etag cache-miss
33 silly fetch manifest once@^1.4.0
34 silly packumentCache full:https://registry.npmjs.org/once cache-miss
35 silly fetch manifest send@^1.1.0
36 silly packumentCache full:https://registry.npmjs.org/send cache-miss
37 http fetch GET 200 https://registry.npmjs.org/object-assign 77ms (cache miss)
38 silly packumentCache full:https://registry.npmjs.org/object-assign set size:undefined disposed:false
39 silly fetch manifest vary@^1.1.2
40 silly packumentCache full:https://registry.npmjs.org/vary cache-miss
41 http fetch GET 200 https://registry.npmjs.org/vary 69ms (cache miss)
42 silly packumentCache full:https://registry.npmjs.org/vary set size:undefined disposed:false
43 silly fetch manifest debug@^4.4.0
44 silly packumentCache full:https://registry.npmjs.org/debug cache-miss
45 http fetch GET 200 https://registry.npmjs.org/vary 202ms (cache miss)
46 silly packumentCache full:https://registry.npmjs.org/vary set size:undefined disposed:false
47 silly fetch manifest fresh@^2.0.0
48 silly packumentCache full:https://registry.npmjs.org/fresh cache-miss
49 http fetch GET 200 https://registry.npmjs.org/once 226ms (cache miss)
50 silly packumentCache full:https://registry.npmjs.org/once set size:undefined disposed:false
51 silly fetch manifest cookie@^0.7.1
52 silly packumentCache full:https://registry.npmjs.org/cookie cache-miss
53 http fetch GET 200 https://registry.npmjs.org/etag 270ms (cache miss)
54 silly packumentCache full:https://registry.npmjs.org/etag set size:undefined disposed:false
55 silly fetch manifest router@^2.2.0
56 silly packumentCache full:https://registry.npmjs.org/router cache-miss
57 http fetch GET 200 https://registry.npmjs.org/depd 277ms (cache miss)
58 silly packumentCache full:https://registry.npmjs.org/depd set size:undefined disposed:false
59 silly fetch manifest accepts@^2.0.0
60 silly packumentCache full:https://registry.npmjs.org/accepts cache-miss
61 http fetch GET 200 https://registry.npmjs.org/fresh 83ms (cache miss)
62 silly packumentCache full:https://registry.npmjs.org/fresh set size:undefined disposed:false
63 silly fetch manifest type-is@^2.0.1
64 silly packumentCache full:https://registry.npmjs.org/type-is cache-miss
65 http fetch GET 200 https://registry.npmjs.org/cookie 69ms (cache miss)
66 silly packumentCache full:https://registry.npmjs.org/cookie set size:undefined disposed:false
67 silly fetch manifest parseurl@^1.3.3
68 silly packumentCache full:https://registry.npmjs.org/parseurl cache-miss
69 http fetch GET 200 https://registry.npmjs.org/debug 204ms (cache miss)
70 silly packumentCache full:https://registry.npmjs.org/debug set size:undefined disposed:false
71 silly fetch manifest statuses@^2.0.1
72 silly packumentCache full:https://registry.npmjs.org/statuses cache-miss
73 http fetch GET 200 https://registry.npmjs.org/accepts 98ms (cache miss)
74 silly packumentCache full:https://registry.npmjs.org/accepts set size:undefined disposed:false
75 silly fetch manifest encodeurl@^2.0.0
76 silly packumentCache full:https://registry.npmjs.org/encodeurl cache-miss
77 http fetch GET 200 https://registry.npmjs.org/router 114ms (cache miss)
78 silly packumentCache full:https://registry.npmjs.org/router set size:undefined disposed:false
79 silly fetch manifest mime-types@^3.0.0
80 silly packumentCache full:https://registry.npmjs.org/mime-types cache-miss
81 http fetch GET 200 https://registry.npmjs.org/parseurl 93ms (cache miss)
82 silly packumentCache full:https://registry.npmjs.org/parseurl set size:undefined disposed:false
83 silly fetch manifest proxy-addr@^2.0.7
84 silly packumentCache full:https://registry.npmjs.org/proxy-addr cache-miss
85 http fetch GET 200 https://registry.npmjs.org/type-is 119ms (cache miss)
86 silly packumentCache full:https://registry.npmjs.org/type-is set size:undefined disposed:false
87 silly fetch manifest body-parser@^2.2.1
88 silly packumentCache full:https://registry.npmjs.org/body-parser cache-miss
89 http fetch GET 200 https://registry.npmjs.org/encodeurl 79ms (cache miss)
90 silly packumentCache full:https://registry.npmjs.org/encodeurl set size:undefined disposed:false
91 silly fetch manifest escape-html@^1.0.3
92 silly packumentCache full:https://registry.npmjs.org/escape-html cache-miss
93 http fetch GET 200 https://registry.npmjs.org/mime-types 91ms (cache miss)
94 silly packumentCache full:https://registry.npmjs.org/mime-types set size:undefined disposed:false
95 silly fetch manifest http-errors@^2.0.0
96 silly packumentCache full:https://registry.npmjs.org/http-errors cache-miss
97 http fetch GET 200 https://registry.npmjs.org/body-parser 81ms (cache miss)
98 silly packumentCache full:https://registry.npmjs.org/body-parser set size:undefined disposed:false
99 silly fetch manifest on-finished@^2.4.1
100 silly packumentCache full:https://registry.npmjs.org/on-finished cache-miss
101 http fetch GET 200 https://registry.npmjs.org/proxy-addr 125ms (cache miss)
102 silly packumentCache full:https://registry.npmjs.org/proxy-addr set size:undefined disposed:false
103 silly fetch manifest content-type@^1.0.5
104 silly packumentCache full:https://registry.npmjs.org/content-type cache-miss
105 http fetch GET 200 https://registry.npmjs.org/send 567ms (cache miss)
106 silly packumentCache full:https://registry.npmjs.org/send set size:undefined disposed:false
107 silly fetch manifest finalhandler@^2.1.0
108 silly packumentCache full:https://registry.npmjs.org/finalhandler cache-miss
109 http fetch GET 200 https://registry.npmjs.org/escape-html 129ms (cache miss)
110 silly packumentCache full:https://registry.npmjs.org/escape-html set size:undefined disposed:false
111 silly fetch manifest range-parser@^1.2.1
112 silly packumentCache full:https://registry.npmjs.org/range-parser cache-miss
113 http fetch GET 200 https://registry.npmjs.org/content-type 72ms (cache miss)
114 silly packumentCache full:https://registry.npmjs.org/content-type set size:undefined disposed:false
115 silly fetch manifest serve-static@^2.2.0
116 silly packumentCache full:https://registry.npmjs.org/serve-static cache-miss
117 http fetch GET 200 https://registry.npmjs.org/http-errors 120ms (cache miss)
118 silly packumentCache full:https://registry.npmjs.org/http-errors set size:undefined disposed:false
119 silly fetch manifest cookie-signature@^1.2.1
120 silly packumentCache full:https://registry.npmjs.org/cookie-signature cache-miss
121 http fetch GET 200 https://registry.npmjs.org/on-finished 186ms (cache miss)
122 silly packumentCache full:https://registry.npmjs.org/on-finished set size:undefined disposed:false
123 silly fetch manifest merge-descriptors@^2.0.0
124 silly packumentCache full:https://registry.npmjs.org/merge-descriptors cache-miss
125 http fetch GET 200 https://registry.npmjs.org/range-parser 97ms (cache miss)
126 silly packumentCache full:https://registry.npmjs.org/range-parser set size:undefined disposed:false
127 silly fetch manifest content-disposition@^1.0.0
128 silly packumentCache full:https://registry.npmjs.org/content-disposition cache-miss
129 http fetch GET 200 https://registry.npmjs.org/finalhandler 120ms (cache miss)
130 silly packumentCache full:https://registry.npmjs.org/finalhandler set size:undefined disposed:false
131 http fetch GET 200 https://registry.npmjs.org/statuses 349ms (cache miss)
132 silly packumentCache full:https://registry.npmjs.org/statuses set size:undefined disposed:false
133 http fetch GET 200 https://registry.npmjs.org/cookie-signature 129ms (cache miss)
134 silly packumentCache full:https://registry.npmjs.org/cookie-signature set size:undefined disposed:false
135 http fetch GET 200 https://registry.npmjs.org/merge-descriptors 123ms (cache miss)
136 silly packumentCache full:https://registry.npmjs.org/merge-descriptors set size:undefined disposed:false
137 http fetch GET 200 https://registry.npmjs.org/qs 827ms (cache miss)
138 silly packumentCache full:https://registry.npmjs.org/qs set size:undefined disposed:false
139 http fetch GET 200 https://registry.npmjs.org/content-disposition 166ms (cache miss)
140 silly packumentCache full:https://registry.npmjs.org/content-disposition set size:undefined disposed:false
141 http fetch GET 200 https://registry.npmjs.org/serve-static 361ms (cache miss)
142 silly packumentCache full:https://registry.npmjs.org/serve-static set size:undefined disposed:false
143 silly placeDep ROOT object-assign@4.1.1 OK for: cors@2.8.6 want: ^4
144 silly placeDep ROOT vary@1.1.2 OK for: cors@2.8.6 want: ^1
145 silly placeDep ROOT accepts@2.0.0 OK for: express@5.2.1 want: ^2.0.0
146 silly placeDep ROOT body-parser@2.3.0 OK for: express@5.2.1 want: ^2.2.1
147 silly placeDep ROOT content-disposition@1.1.0 OK for: express@5.2.1 want: ^1.0.0
148 silly placeDep ROOT content-type@1.0.5 OK for: express@5.2.1 want: ^1.0.5
149 silly placeDep ROOT cookie@0.7.2 OK for: express@5.2.1 want: ^0.7.1
150 silly placeDep ROOT cookie-signature@1.2.2 OK for: express@5.2.1 want: ^1.2.1
151 silly placeDep ROOT debug@4.4.3 OK for: express@5.2.1 want: ^4.4.0
152 silly placeDep ROOT depd@2.0.0 OK for: express@5.2.1 want: ^2.0.0
153 silly placeDep ROOT encodeurl@2.0.0 OK for: express@5.2.1 want: ^2.0.0
154 silly placeDep ROOT escape-html@1.0.3 OK for: express@5.2.1 want: ^1.0.3
155 silly placeDep ROOT etag@1.8.1 OK for: express@5.2.1 want: ^1.8.1
156 silly placeDep ROOT finalhandler@2.1.1 OK for: express@5.2.1 want: ^2.1.0
157 silly placeDep ROOT fresh@2.0.0 OK for: express@5.2.1 want: ^2.0.0
158 silly placeDep ROOT http-errors@2.0.1 OK for: express@5.2.1 want: ^2.0.0
159 silly placeDep ROOT merge-descriptors@2.0.0 OK for: express@5.2.1 want: ^2.0.0
160 silly placeDep ROOT mime-types@3.0.2 OK for: express@5.2.1 want: ^3.0.0
161 silly placeDep ROOT on-finished@2.4.1 OK for: express@5.2.1 want: ^2.4.1
162 silly placeDep ROOT once@1.4.0 OK for: express@5.2.1 want: ^1.4.0
163 silly placeDep ROOT parseurl@1.3.3 OK for: express@5.2.1 want: ^1.3.3
164 silly placeDep ROOT proxy-addr@2.0.8 OK for: express@5.2.1 want: ^2.0.7
165 silly placeDep ROOT qs@6.16.0 OK for: express@5.2.1 want: ^6.14.0
166 silly placeDep ROOT range-parser@1.3.0 OK for: express@5.2.1 want: ^1.2.1
167 silly placeDep ROOT router@2.2.0 OK for: express@5.2.1 want: ^2.2.0
168 silly placeDep ROOT send@1.2.1 OK for: express@5.2.1 want: ^1.1.0
169 silly placeDep ROOT serve-static@2.2.1 OK for: express@5.2.1 want: ^2.2.0
170 silly placeDep ROOT statuses@2.0.2 OK for: express@5.2.1 want: ^2.0.1
171 silly placeDep ROOT type-is@2.1.0 OK for: express@5.2.1 want: ^2.0.1
172 silly fetch manifest negotiator@^1.0.0
173 silly packumentCache full:https://registry.npmjs.org/negotiator cache-miss
174 silly fetch manifest qs@^6.15.2
175 silly packumentCache full:https://registry.npmjs.org/qs cache-miss
176 silly fetch manifest bytes@^3.1.2
177 silly packumentCache full:https://registry.npmjs.org/bytes cache-miss
178 silly fetch manifest debug@^4.4.3
179 silly packumentCache full:https://registry.npmjs.org/debug cache-miss
180 silly fetch manifest type-is@^2.1.0
181 silly packumentCache full:https://registry.npmjs.org/type-is cache-miss
182 silly fetch manifest raw-body@^3.0.2
183 silly packumentCache full:https://registry.npmjs.org/raw-body cache-miss
184 silly fetch manifest iconv-lite@^0.7.2
185 silly packumentCache full:https://registry.npmjs.org/iconv-lite cache-miss
186 http cache https://registry.npmjs.org/debug 31ms (cache hit)
187 silly packumentCache full:https://registry.npmjs.org/debug set size:195840 disposed:false
188 silly fetch manifest http-errors@^2.0.1
189 silly packumentCache full:https://registry.npmjs.org/http-errors cache-miss
190 http cache https://registry.npmjs.org/qs 42ms (cache hit)
191 silly packumentCache full:https://registry.npmjs.org/qs set size:365613 disposed:false
192 silly fetch manifest content-type@^2.0.0
193 silly packumentCache full:https://registry.npmjs.org/content-type cache-miss
194 http cache https://registry.npmjs.org/type-is 50ms (cache hit)
195 silly packumentCache full:https://registry.npmjs.org/type-is set size:88614 disposed:false
196 silly fetch manifest ms@^2.1.3
197 silly packumentCache full:https://registry.npmjs.org/ms cache-miss
198 http cache https://registry.npmjs.org/http-errors 52ms (cache hit)
199 silly packumentCache full:https://registry.npmjs.org/http-errors set size:71987 disposed:false
200 silly fetch manifest inherits@~2.0.4
201 silly packumentCache full:https://registry.npmjs.org/inherits cache-miss
202 http cache https://registry.npmjs.org/content-type 49ms (cache hit)
203 silly packumentCache full:https://registry.npmjs.org/content-type set size:29578 disposed:false
204 silly fetch manifest setprototypeof@~1.2.0
205 silly packumentCache full:https://registry.npmjs.org/setprototypeof cache-miss
206 http fetch GET 200 https://registry.npmjs.org/bytes 108ms (cache miss)
207 silly packumentCache full:https://registry.npmjs.org/bytes set size:undefined disposed:false
208 silly fetch manifest statuses@~2.0.2
209 silly packumentCache full:https://registry.npmjs.org/statuses cache-miss
210 http fetch GET 200 https://registry.npmjs.org/negotiator 114ms (cache miss)
211 silly packumentCache full:https://registry.npmjs.org/negotiator set size:undefined disposed:false
212 silly fetch manifest toidentifier@~1.0.1
213 silly packumentCache full:https://registry.npmjs.org/toidentifier cache-miss
214 http fetch GET 200 https://registry.npmjs.org/raw-body 114ms (cache miss)
215 silly packumentCache full:https://registry.npmjs.org/raw-body set size:undefined disposed:false
216 silly fetch manifest mime-db@^1.54.0
217 silly packumentCache full:https://registry.npmjs.org/mime-db cache-miss
218 http fetch GET 200 https://registry.npmjs.org/iconv-lite 126ms (cache miss)
219 silly packumentCache full:https://registry.npmjs.org/iconv-lite set size:undefined disposed:false
220 silly fetch manifest ee-first@1.1.1
221 silly packumentCache full:https://registry.npmjs.org/ee-first cache-miss
222 http cache https://registry.npmjs.org/statuses 32ms (cache hit)
223 silly packumentCache full:https://registry.npmjs.org/statuses set size:37117 disposed:false
224 silly fetch manifest wrappy@1
225 silly packumentCache full:https://registry.npmjs.org/wrappy cache-miss
226 http fetch GET 200 https://registry.npmjs.org/ms 100ms (cache miss)
227 silly packumentCache full:https://registry.npmjs.org/ms set size:undefined disposed:false
228 silly fetch manifest forwarded@0.2.0
229 silly packumentCache full:https://registry.npmjs.org/forwarded cache-miss
230 http fetch GET 200 https://registry.npmjs.org/setprototypeof 63ms (cache miss)
231 silly packumentCache full:https://registry.npmjs.org/setprototypeof set size:undefined disposed:false
232 silly fetch manifest ipaddr.js@1.9.1
233 silly packumentCache full:https://registry.npmjs.org/ipaddr.js cache-miss
234 http fetch GET 200 https://registry.npmjs.org/inherits 119ms (cache miss)
235 silly packumentCache full:https://registry.npmjs.org/inherits set size:undefined disposed:false
236 silly fetch manifest side-channel@^1.1.1
237 silly packumentCache full:https://registry.npmjs.org/side-channel cache-miss
238 http fetch GET 200 https://registry.npmjs.org/wrappy 81ms (cache miss)
239 silly packumentCache full:https://registry.npmjs.org/wrappy set size:undefined disposed:false
240 silly fetch manifest es-define-property@^1.0.1
241 silly packumentCache full:https://registry.npmjs.org/es-define-property cache-miss
242 http fetch GET 200 https://registry.npmjs.org/forwarded 79ms (cache miss)
243 silly packumentCache full:https://registry.npmjs.org/forwarded set size:undefined disposed:false
244 silly fetch manifest is-promise@^4.0.0
245 silly packumentCache full:https://registry.npmjs.org/is-promise cache-miss
246 http fetch GET 200 https://registry.npmjs.org/ipaddr.js 84ms (cache miss)
247 silly packumentCache full:https://registry.npmjs.org/ipaddr.js set size:undefined disposed:false
248 silly fetch manifest path-to-regexp@^8.0.0
249 silly packumentCache full:https://registry.npmjs.org/path-to-regexp cache-miss
250 http fetch GET 200 https://registry.npmjs.org/ee-first 128ms (cache miss)
251 silly packumentCache full:https://registry.npmjs.org/ee-first set size:undefined disposed:false
252 silly fetch manifest statuses@^2.0.2
253 silly packumentCache full:https://registry.npmjs.org/statuses cache-hit
254 silly fetch manifest media-typer@^1.1.0
255 silly packumentCache full:https://registry.npmjs.org/media-typer cache-miss
256 http fetch GET 200 https://registry.npmjs.org/toidentifier 154ms (cache miss)
257 silly packumentCache full:https://registry.npmjs.org/toidentifier set size:undefined disposed:false
258 http fetch GET 200 https://registry.npmjs.org/mime-db 183ms (cache miss)
259 silly packumentCache full:https://registry.npmjs.org/mime-db set size:undefined disposed:false
260 http fetch GET 200 https://registry.npmjs.org/es-define-property 88ms (cache miss)
261 silly packumentCache full:https://registry.npmjs.org/es-define-property set size:undefined disposed:false
262 http fetch GET 200 https://registry.npmjs.org/is-promise 93ms (cache miss)
263 silly packumentCache full:https://registry.npmjs.org/is-promise set size:undefined disposed:false
264 http fetch GET 200 https://registry.npmjs.org/side-channel 179ms (cache miss)
265 silly packumentCache full:https://registry.npmjs.org/side-channel set size:undefined disposed:false
266 http fetch GET 200 https://registry.npmjs.org/path-to-regexp 160ms (cache miss)
267 silly packumentCache full:https://registry.npmjs.org/path-to-regexp set size:undefined disposed:false
268 http fetch GET 200 https://registry.npmjs.org/media-typer 158ms (cache miss)
269 silly packumentCache full:https://registry.npmjs.org/media-typer set size:undefined disposed:false
270 silly placeDep ROOT negotiator@1.1.0 OK for: accepts@2.0.0 want: ^1.0.0
271 silly fetch manifest content-type@^2.1.0
272 silly packumentCache full:https://registry.npmjs.org/content-type cache-hit
273 silly placeDep ROOT bytes@3.1.2 OK for: body-parser@2.3.0 want: ^3.1.2
274 silly placeDep node_modules/body-parser content-type@2.1.0 OK for: body-parser@2.3.0 want: ^2.0.0
275 silly placeDep ROOT iconv-lite@0.7.3 OK for: body-parser@2.3.0 want: ^0.7.2
276 silly placeDep ROOT raw-body@3.0.2 OK for: body-parser@2.3.0 want: ^3.0.2
277 silly fetch manifest safer-buffer@>= 2.1.2 < 3.0.0
278 silly packumentCache full:https://registry.npmjs.org/safer-buffer cache-miss
279 silly fetch manifest unpipe@~1.0.0
280 silly packumentCache full:https://registry.npmjs.org/unpipe cache-miss
281 http fetch GET 200 https://registry.npmjs.org/safer-buffer 75ms (cache miss)
282 silly packumentCache full:https://registry.npmjs.org/safer-buffer set size:undefined disposed:false
283 http fetch GET 200 https://registry.npmjs.org/unpipe 76ms (cache miss)
284 silly packumentCache full:https://registry.npmjs.org/unpipe set size:undefined disposed:false
285 silly placeDep ROOT ms@2.1.3 OK for: debug@4.4.3 want: ^2.1.3
286 silly placeDep ROOT inherits@2.0.4 OK for: http-errors@2.0.1 want: ~2.0.4
287 silly placeDep ROOT setprototypeof@1.2.0 OK for: http-errors@2.0.1 want: ~1.2.0
288 silly placeDep ROOT toidentifier@1.0.1 OK for: http-errors@2.0.1 want: ~1.0.1
289 silly placeDep ROOT safer-buffer@2.1.2 OK for: iconv-lite@0.7.3 want: >= 2.1.2 < 3.0.0
290 silly placeDep ROOT mime-db@1.54.0 OK for: mime-types@3.0.2 want: ^1.54.0
291 silly placeDep node_modules/negotiator content-type@2.1.0 OK for: negotiator@1.1.0 want: ^2.1.0
292 silly placeDep ROOT ee-first@1.1.1 OK for: on-finished@2.4.1 want: 1.1.1
293 silly placeDep ROOT wrappy@1.0.2 OK for: once@1.4.0 want: 1
294 silly placeDep ROOT forwarded@0.2.0 OK for: proxy-addr@2.0.8 want: 0.2.0
295 silly placeDep ROOT ipaddr.js@1.9.1 OK for: proxy-addr@2.0.8 want: 1.9.1
296 silly placeDep ROOT es-define-property@1.0.1 OK for: qs@6.16.0 want: ^1.0.1
297 silly placeDep ROOT side-channel@1.1.1 OK for: qs@6.16.0 want: ^1.1.1
298 silly fetch manifest es-errors@^1.3.0
299 silly packumentCache full:https://registry.npmjs.org/es-errors cache-miss
300 silly fetch manifest object-inspect@^1.13.4
301 silly packumentCache full:https://registry.npmjs.org/object-inspect cache-miss
302 silly fetch manifest side-channel-list@^1.0.1
303 silly packumentCache full:https://registry.npmjs.org/side-channel-list cache-miss
304 silly fetch manifest side-channel-map@^1.0.1
305 silly packumentCache full:https://registry.npmjs.org/side-channel-map cache-miss
306 silly fetch manifest side-channel-weakmap@^1.0.2
307 silly packumentCache full:https://registry.npmjs.org/side-channel-weakmap cache-miss
308 http fetch GET 200 https://registry.npmjs.org/side-channel-weakmap 77ms (cache miss)
309 silly packumentCache full:https://registry.npmjs.org/side-channel-weakmap set size:undefined disposed:false
310 http fetch GET 200 https://registry.npmjs.org/es-errors 82ms (cache miss)
311 silly packumentCache full:https://registry.npmjs.org/es-errors set size:undefined disposed:false
312 http fetch GET 200 https://registry.npmjs.org/side-channel-list 107ms (cache miss)
313 silly packumentCache full:https://registry.npmjs.org/side-channel-list set size:undefined disposed:false
314 http fetch GET 200 https://registry.npmjs.org/object-inspect 142ms (cache miss)
315 silly packumentCache full:https://registry.npmjs.org/object-inspect set size:undefined disposed:false
316 http fetch GET 200 https://registry.npmjs.org/side-channel-map 154ms (cache miss)
317 silly packumentCache full:https://registry.npmjs.org/side-channel-map set size:undefined disposed:false
318 silly placeDep ROOT unpipe@1.0.0 OK for: raw-body@3.0.2 want: ~1.0.0
319 silly placeDep ROOT is-promise@4.0.0 OK for: router@2.2.0 want: ^4.0.0
320 silly placeDep ROOT path-to-regexp@8.4.2 OK for: router@2.2.0 want: ^8.0.0
321 silly placeDep ROOT es-errors@1.3.0 OK for: side-channel@1.1.1 want: ^1.3.0
322 silly placeDep ROOT object-inspect@1.13.4 OK for: side-channel@1.1.1 want: ^1.13.4
323 silly placeDep ROOT side-channel-list@1.0.1 OK for: side-channel@1.1.1 want: ^1.0.1
324 silly placeDep ROOT side-channel-map@1.0.1 OK for: side-channel@1.1.1 want: ^1.0.1
325 silly placeDep ROOT side-channel-weakmap@1.0.2 OK for: side-channel@1.1.1 want: ^1.0.2
326 silly fetch manifest call-bound@^1.0.2
327 silly packumentCache full:https://registry.npmjs.org/call-bound cache-miss
328 silly fetch manifest get-intrinsic@^1.2.5
329 silly packumentCache full:https://registry.npmjs.org/get-intrinsic cache-miss
330 silly fetch manifest call-bound@^1.0.2
331 silly packumentCache full:https://registry.npmjs.org/call-bound cache-miss
332 silly fetch manifest get-intrinsic@^1.2.5
333 silly packumentCache full:https://registry.npmjs.org/get-intrinsic cache-miss
334 http fetch GET 200 https://registry.npmjs.org/call-bound 90ms (cache miss)
335 silly packumentCache full:https://registry.npmjs.org/call-bound set size:undefined disposed:false
336 http fetch GET 200 https://registry.npmjs.org/call-bound 95ms (cache miss)
337 silly packumentCache full:https://registry.npmjs.org/call-bound set size:undefined disposed:false
338 http fetch GET 200 https://registry.npmjs.org/get-intrinsic 95ms (cache miss)
339 silly packumentCache full:https://registry.npmjs.org/get-intrinsic set size:undefined disposed:false
340 http fetch GET 200 https://registry.npmjs.org/get-intrinsic 189ms (cache miss)
341 silly packumentCache full:https://registry.npmjs.org/get-intrinsic set size:undefined disposed:false
342 silly placeDep ROOT call-bound@1.0.4 OK for: side-channel-map@1.0.1 want: ^1.0.2
343 silly placeDep ROOT get-intrinsic@1.3.0 OK for: side-channel-map@1.0.1 want: ^1.2.5
344 silly fetch manifest call-bind-apply-helpers@^1.0.2
345 silly packumentCache full:https://registry.npmjs.org/call-bind-apply-helpers cache-miss
346 silly fetch manifest get-intrinsic@^1.3.0
347 silly packumentCache full:https://registry.npmjs.org/get-intrinsic cache-miss
348 silly fetch manifest gopd@^1.2.0
349 silly packumentCache full:https://registry.npmjs.org/gopd cache-miss
350 silly fetch manifest hasown@^2.0.2
351 silly packumentCache full:https://registry.npmjs.org/hasown cache-miss
352 silly fetch manifest get-proto@^1.0.1
353 silly packumentCache full:https://registry.npmjs.org/get-proto cache-miss
354 silly fetch manifest has-symbols@^1.1.0
355 silly packumentCache full:https://registry.npmjs.org/has-symbols cache-miss
356 silly fetch manifest function-bind@^1.1.2
357 silly packumentCache full:https://registry.npmjs.org/function-bind cache-miss
358 http cache https://registry.npmjs.org/get-intrinsic 19ms (cache hit)
359 silly packumentCache full:https://registry.npmjs.org/get-intrinsic set size:60985 disposed:false
360 silly fetch manifest es-object-atoms@^1.1.1
361 silly packumentCache full:https://registry.npmjs.org/es-object-atoms cache-miss
362 http fetch GET 200 https://registry.npmjs.org/es-object-atoms 68ms (cache miss)
363 silly packumentCache full:https://registry.npmjs.org/es-object-atoms set size:undefined disposed:false
364 silly fetch manifest math-intrinsics@^1.1.0
365 silly packumentCache full:https://registry.npmjs.org/math-intrinsics cache-miss
366 http fetch GET 200 https://registry.npmjs.org/function-bind 91ms (cache miss)
367 silly packumentCache full:https://registry.npmjs.org/function-bind set size:undefined disposed:false
368 silly fetch manifest call-bind-apply-helpers@^1.0.2
369 silly packumentCache full:https://registry.npmjs.org/call-bind-apply-helpers cache-miss
370 http fetch GET 200 https://registry.npmjs.org/get-proto 95ms (cache miss)
371 silly packumentCache full:https://registry.npmjs.org/get-proto set size:undefined disposed:false
372 http fetch GET 200 https://registry.npmjs.org/hasown 102ms (cache miss)
373 silly packumentCache full:https://registry.npmjs.org/hasown set size:undefined disposed:false
374 http fetch GET 200 https://registry.npmjs.org/has-symbols 103ms (cache miss)
375 silly packumentCache full:https://registry.npmjs.org/has-symbols set size:undefined disposed:false
376 http fetch GET 200 https://registry.npmjs.org/call-bind-apply-helpers 112ms (cache miss)
377 silly packumentCache full:https://registry.npmjs.org/call-bind-apply-helpers set size:undefined disposed:false
378 http fetch GET 200 https://registry.npmjs.org/gopd 162ms (cache miss)
379 silly packumentCache full:https://registry.npmjs.org/gopd set size:undefined disposed:false
380 http fetch GET 200 https://registry.npmjs.org/call-bind-apply-helpers 70ms (cache miss)
381 silly packumentCache full:https://registry.npmjs.org/call-bind-apply-helpers set size:undefined disposed:false
382 http fetch GET 200 https://registry.npmjs.org/math-intrinsics 161ms (cache miss)
383 silly packumentCache full:https://registry.npmjs.org/math-intrinsics set size:undefined disposed:false
384 silly placeDep ROOT call-bind-apply-helpers@1.0.2 OK for: call-bound@1.0.4 want: ^1.0.2
385 silly placeDep ROOT function-bind@1.1.2 OK for: call-bind-apply-helpers@1.0.2 want: ^1.1.2
386 silly placeDep ROOT es-object-atoms@1.1.2 OK for: get-intrinsic@1.3.0 want: ^1.1.1
387 silly placeDep ROOT get-proto@1.0.1 OK for: get-intrinsic@1.3.0 want: ^1.0.1
388 silly placeDep ROOT gopd@1.2.0 OK for: get-intrinsic@1.3.0 want: ^1.2.0
389 silly placeDep ROOT has-symbols@1.1.0 OK for: get-intrinsic@1.3.0 want: ^1.1.0
390 silly placeDep ROOT hasown@2.0.4 OK for: get-intrinsic@1.3.0 want: ^2.0.2
391 silly placeDep ROOT math-intrinsics@1.1.0 OK for: get-intrinsic@1.3.0 want: ^1.1.0
392 silly fetch manifest dunder-proto@^1.0.1
393 silly packumentCache full:https://registry.npmjs.org/dunder-proto cache-miss
394 http fetch GET 200 https://registry.npmjs.org/dunder-proto 151ms (cache miss)
395 silly packumentCache full:https://registry.npmjs.org/dunder-proto set size:undefined disposed:false
396 silly placeDep ROOT dunder-proto@1.0.1 OK for: get-proto@1.0.1 want: ^1.0.1
397 silly placeDep node_modules/type-is content-type@2.1.0 OK for: type-is@2.1.0 want: ^2.0.0
398 silly placeDep ROOT media-typer@1.1.1 OK for: type-is@2.1.0 want: ^1.1.0
399 silly reify moves {}
400 silly audit bulk request {
400 silly audit   cors: [ '2.8.6' ],
400 silly audit   express: [ '5.2.1' ],
400 silly audit   'object-assign': [ '4.1.1' ],
400 silly audit   vary: [ '1.1.2' ],
400 silly audit   accepts: [ '2.0.0' ],
400 silly audit   'body-parser': [ '2.3.0' ],
400 silly audit   'content-disposition': [ '1.1.0' ],
400 silly audit   'content-type': [ '1.0.5', '2.1.0' ],
400 silly audit   cookie: [ '0.7.2' ],
400 silly audit   'cookie-signature': [ '1.2.2' ],
400 silly audit   debug: [ '4.4.3' ],
400 silly audit   depd: [ '2.0.0' ],
400 silly audit   encodeurl: [ '2.0.0' ],
400 silly audit   'escape-html': [ '1.0.3' ],
400 silly audit   etag: [ '1.8.1' ],
400 silly audit   finalhandler: [ '2.1.1' ],
400 silly audit   fresh: [ '2.0.0' ],
400 silly audit   'http-errors': [ '2.0.1' ],
400 silly audit   'merge-descriptors': [ '2.0.0' ],
400 silly audit   'mime-types': [ '3.0.2' ],
400 silly audit   'on-finished': [ '2.4.1' ],
400 silly audit   once: [ '1.4.0' ],
400 silly audit   parseurl: [ '1.3.3' ],
400 silly audit   'proxy-addr': [ '2.0.8' ],
400 silly audit   qs: [ '6.16.0' ],
400 silly audit   'range-parser': [ '1.3.0' ],
400 silly audit   router: [ '2.2.0' ],
400 silly audit   send: [ '1.2.1' ],
400 silly audit   'serve-static': [ '2.2.1' ],
400 silly audit   statuses: [ '2.0.2' ],
400 silly audit   'type-is': [ '2.1.0' ],
400 silly audit   negotiator: [ '1.1.0' ],
400 silly audit   bytes: [ '3.1.2' ],
400 silly audit   'iconv-lite': [ '0.7.3' ],
400 silly audit   'raw-body': [ '3.0.2' ],
400 silly audit   ms: [ '2.1.3' ],
400 silly audit   inherits: [ '2.0.4' ],
400 silly audit   setprototypeof: [ '1.2.0' ],
400 silly audit   toidentifier: [ '1.0.1' ],
400 silly audit   'safer-buffer': [ '2.1.2' ],
400 silly audit   'mime-db': [ '1.54.0' ],
400 silly audit   'ee-first': [ '1.1.1' ],
400 silly audit   wrappy: [ '1.0.2' ],
400 silly audit   forwarded: [ '0.2.0' ],
400 silly audit   'ipaddr.js': [ '1.9.1' ],
400 silly audit   'es-define-property': [ '1.0.1' ],
400 silly audit   'side-channel': [ '1.1.1' ],
400 silly audit   unpipe: [ '1.0.0' ],
400 silly audit   'is-promise': [ '4.0.0' ],
400 silly audit   'path-to-regexp': [ '8.4.2' ],
400 silly audit   'es-errors': [ '1.3.0' ],
400 silly audit   'object-inspect': [ '1.13.4' ],
400 silly audit   'side-channel-list': [ '1.0.1' ],
400 silly audit   'side-channel-map': [ '1.0.1' ],
400 silly audit   'side-channel-weakmap': [ '1.0.2' ],
400 silly audit   'call-bound': [ '1.0.4' ],
400 silly audit   'get-intrinsic': [ '1.3.0' ],
400 silly audit   'call-bind-apply-helpers': [ '1.0.2' ],
400 silly audit   'function-bind': [ '1.1.2' ],
400 silly audit   'es-object-atoms': [ '1.1.2' ],
400 silly audit   'get-proto': [ '1.0.1' ],
400 silly audit   gopd: [ '1.2.0' ],
400 silly audit   'has-symbols': [ '1.1.0' ],
400 silly audit   hasown: [ '2.0.4' ],
400 silly audit   'math-intrinsics': [ '1.1.0' ],
400 silly audit   'dunder-proto': [ '1.0.1' ],
400 silly audit   'media-typer': [ '1.1.1' ]
400 silly audit }
401 http cache media-typer@https://registry.npmjs.org/media-typer/-/media-typer-1.1.1.tgz 0ms (cache hit)
402 http cache dunder-proto@https://registry.npmjs.org/dunder-proto/-/dunder-proto-1.0.1.tgz 0ms (cache hit)
403 http cache math-intrinsics@https://registry.npmjs.org/math-intrinsics/-/math-intrinsics-1.1.0.tgz 0ms (cache hit)
404 http cache hasown@https://registry.npmjs.org/hasown/-/hasown-2.0.4.tgz 0ms (cache hit)
405 http cache has-symbols@https://registry.npmjs.org/has-symbols/-/has-symbols-1.1.0.tgz 0ms (cache hit)
406 http cache gopd@https://registry.npmjs.org/gopd/-/gopd-1.2.0.tgz 0ms (cache hit)
407 http cache get-proto@https://registry.npmjs.org/get-proto/-/get-proto-1.0.1.tgz 0ms (cache hit)
408 http cache es-object-atoms@https://registry.npmjs.org/es-object-atoms/-/es-object-atoms-1.1.2.tgz 0ms (cache hit)
409 http cache function-bind@https://registry.npmjs.org/function-bind/-/function-bind-1.1.2.tgz 0ms (cache hit)
410 http cache call-bind-apply-helpers@https://registry.npmjs.org/call-bind-apply-helpers/-/call-bind-apply-helpers-1.0.2.tgz 0ms (cache hit)
411 http cache get-intrinsic@https://registry.npmjs.org/get-intrinsic/-/get-intrinsic-1.3.0.tgz 0ms (cache hit)
412 http cache call-bound@https://registry.npmjs.org/call-bound/-/call-bound-1.0.4.tgz 0ms (cache hit)
413 http cache side-channel-weakmap@https://registry.npmjs.org/side-channel-weakmap/-/side-channel-weakmap-1.0.2.tgz 0ms (cache hit)
414 http cache side-channel-list@https://registry.npmjs.org/side-channel-list/-/side-channel-list-1.0.1.tgz 0ms (cache hit)
415 http cache object-inspect@https://registry.npmjs.org/object-inspect/-/object-inspect-1.13.4.tgz 0ms (cache hit)
416 http cache side-channel-map@https://registry.npmjs.org/side-channel-map/-/side-channel-map-1.0.1.tgz 0ms (cache hit)
417 http cache es-errors@https://registry.npmjs.org/es-errors/-/es-errors-1.3.0.tgz 0ms (cache hit)
418 http cache path-to-regexp@https://registry.npmjs.org/path-to-regexp/-/path-to-regexp-8.4.2.tgz 0ms (cache hit)
419 http cache is-promise@https://registry.npmjs.org/is-promise/-/is-promise-4.0.0.tgz 0ms (cache hit)
420 http cache unpipe@https://registry.npmjs.org/unpipe/-/unpipe-1.0.0.tgz 0ms (cache hit)
421 http cache side-channel@https://registry.npmjs.org/side-channel/-/side-channel-1.1.1.tgz 0ms (cache hit)
422 http cache es-define-property@https://registry.npmjs.org/es-define-property/-/es-define-property-1.0.1.tgz 0ms (cache hit)
423 http cache ipaddr.js@https://registry.npmjs.org/ipaddr.js/-/ipaddr.js-1.9.1.tgz 0ms (cache hit)
424 http cache forwarded@https://registry.npmjs.org/forwarded/-/forwarded-0.2.0.tgz 0ms (cache hit)
425 http cache wrappy@https://registry.npmjs.org/wrappy/-/wrappy-1.0.2.tgz 0ms (cache hit)
426 http cache ee-first@https://registry.npmjs.org/ee-first/-/ee-first-1.1.1.tgz 0ms (cache hit)
427 http cache mime-db@https://registry.npmjs.org/mime-db/-/mime-db-1.54.0.tgz 0ms (cache hit)
428 http cache safer-buffer@https://registry.npmjs.org/safer-buffer/-/safer-buffer-2.1.2.tgz 0ms (cache hit)
429 http cache toidentifier@https://registry.npmjs.org/toidentifier/-/toidentifier-1.0.1.tgz 0ms (cache hit)
430 http cache setprototypeof@https://registry.npmjs.org/setprototypeof/-/setprototypeof-1.2.0.tgz 0ms (cache hit)
431 http cache inherits@https://registry.npmjs.org/inherits/-/inherits-2.0.4.tgz 0ms (cache hit)
432 http cache ms@https://registry.npmjs.org/ms/-/ms-2.1.3.tgz 0ms (cache hit)
433 http cache raw-body@https://registry.npmjs.org/raw-body/-/raw-body-3.0.2.tgz 0ms (cache hit)
434 http cache bytes@https://registry.npmjs.org/bytes/-/bytes-3.1.2.tgz 0ms (cache hit)
435 http cache iconv-lite@https://registry.npmjs.org/iconv-lite/-/iconv-lite-0.7.3.tgz 0ms (cache hit)
436 http cache negotiator@https://registry.npmjs.org/negotiator/-/negotiator-1.1.0.tgz 0ms (cache hit)
437 http cache type-is@https://registry.npmjs.org/type-is/-/type-is-2.1.0.tgz 0ms (cache hit)
438 http cache statuses@https://registry.npmjs.org/statuses/-/statuses-2.0.2.tgz 0ms (cache hit)
439 http cache serve-static@https://registry.npmjs.org/serve-static/-/serve-static-2.2.1.tgz 0ms (cache hit)
440 http cache send@https://registry.npmjs.org/send/-/send-1.2.1.tgz 0ms (cache hit)
441 http cache router@https://registry.npmjs.org/router/-/router-2.2.0.tgz 0ms (cache hit)
442 http cache range-parser@https://registry.npmjs.org/range-parser/-/range-parser-1.3.0.tgz 0ms (cache hit)
443 http cache proxy-addr@https://registry.npmjs.org/proxy-addr/-/proxy-addr-2.0.8.tgz 0ms (cache hit)
444 http cache parseurl@https://registry.npmjs.org/parseurl/-/parseurl-1.3.3.tgz 0ms (cache hit)
445 http cache once@https://registry.npmjs.org/once/-/once-1.4.0.tgz 0ms (cache hit)
446 http cache on-finished@https://registry.npmjs.org/on-finished/-/on-finished-2.4.1.tgz 0ms (cache hit)
447 http cache qs@https://registry.npmjs.org/qs/-/qs-6.16.0.tgz 0ms (cache hit)
448 http cache mime-types@https://registry.npmjs.org/mime-types/-/mime-types-3.0.2.tgz 0ms (cache hit)
449 http cache merge-descriptors@https://registry.npmjs.org/merge-descriptors/-/merge-descriptors-2.0.0.tgz 0ms (cache hit)
450 http cache http-errors@https://registry.npmjs.org/http-errors/-/http-errors-2.0.1.tgz 0ms (cache hit)
451 http cache fresh@https://registry.npmjs.org/fresh/-/fresh-2.0.0.tgz 0ms (cache hit)
452 http cache finalhandler@https://registry.npmjs.org/finalhandler/-/finalhandler-2.1.1.tgz 0ms (cache hit)
453 http cache etag@https://registry.npmjs.org/etag/-/etag-1.8.1.tgz 0ms (cache hit)
454 http cache escape-html@https://registry.npmjs.org/escape-html/-/escape-html-1.0.3.tgz 0ms (cache hit)
455 http cache encodeurl@https://registry.npmjs.org/encodeurl/-/encodeurl-2.0.0.tgz 0ms (cache hit)
456 http cache debug@https://registry.npmjs.org/debug/-/debug-4.4.3.tgz 0ms (cache hit)
457 http cache cookie-signature@https://registry.npmjs.org/cookie-signature/-/cookie-signature-1.2.2.tgz 0ms (cache hit)
458 http cache content-type@https://registry.npmjs.org/content-type/-/content-type-1.0.5.tgz 0ms (cache hit)
459 http cache body-parser@https://registry.npmjs.org/body-parser/-/body-parser-2.3.0.tgz 0ms (cache hit)
460 http cache cookie@https://registry.npmjs.org/cookie/-/cookie-0.7.2.tgz 0ms (cache hit)
461 http cache accepts@https://registry.npmjs.org/accepts/-/accepts-2.0.0.tgz 0ms (cache hit)
462 http cache vary@https://registry.npmjs.org/vary/-/vary-1.1.2.tgz 1ms (cache hit)
463 http cache content-disposition@https://registry.npmjs.org/content-disposition/-/content-disposition-1.1.0.tgz 0ms (cache hit)
464 http cache object-assign@https://registry.npmjs.org/object-assign/-/object-assign-4.1.1.tgz 0ms (cache hit)
465 http cache depd@https://registry.npmjs.org/depd/-/depd-2.0.0.tgz 0ms (cache hit)
466 http cache express@https://registry.npmjs.org/express/-/express-5.2.1.tgz 0ms (cache hit)
467 http cache cors@https://registry.npmjs.org/cors/-/cors-2.8.6.tgz 0ms (cache hit)
468 http cache content-type@https://registry.npmjs.org/content-type/-/content-type-2.1.0.tgz 0ms (cache hit)
469 http cache content-type@https://registry.npmjs.org/content-type/-/content-type-2.1.0.tgz 0ms (cache hit)
470 silly tarball no local data for media-typer@https://registry.npmjs.org/media-typer/-/media-typer-1.1.1.tgz. Extracting by manifest.
471 silly tarball no local data for dunder-proto@https://registry.npmjs.org/dunder-proto/-/dunder-proto-1.0.1.tgz. Extracting by manifest.
472 silly tarball no local data for math-intrinsics@https://registry.npmjs.org/math-intrinsics/-/math-intrinsics-1.1.0.tgz. Extracting by manifest.
473 silly tarball no local data for hasown@https://registry.npmjs.org/hasown/-/hasown-2.0.4.tgz. Extracting by manifest.
474 silly tarball no local data for has-symbols@https://registry.npmjs.org/has-symbols/-/has-symbols-1.1.0.tgz. Extracting by manifest.
475 silly tarball no local data for gopd@https://registry.npmjs.org/gopd/-/gopd-1.2.0.tgz. Extracting by manifest.
476 silly tarball no local data for get-proto@https://registry.npmjs.org/get-proto/-/get-proto-1.0.1.tgz. Extracting by manifest.
477 silly tarball no local data for es-object-atoms@https://registry.npmjs.org/es-object-atoms/-/es-object-atoms-1.1.2.tgz. Extracting by manifest.
478 silly tarball no local data for function-bind@https://registry.npmjs.org/function-bind/-/function-bind-1.1.2.tgz. Extracting by manifest.
479 silly tarball no local data for call-bind-apply-helpers@https://registry.npmjs.org/call-bind-apply-helpers/-/call-bind-apply-helpers-1.0.2.tgz. Extracting by manifest.
480 silly tarball no local data for get-intrinsic@https://registry.npmjs.org/get-intrinsic/-/get-intrinsic-1.3.0.tgz. Extracting by manifest.
481 silly tarball no local data for call-bound@https://registry.npmjs.org/call-bound/-/call-bound-1.0.4.tgz. Extracting by manifest.
482 silly tarball no local data for side-channel-weakmap@https://registry.npmjs.org/side-channel-weakmap/-/side-channel-weakmap-1.0.2.tgz. Extracting by manifest.
483 silly tarball no local data for side-channel-list@https://registry.npmjs.org/side-channel-list/-/side-channel-list-1.0.1.tgz. Extracting by manifest.
484 silly tarball no local data for object-inspect@https://registry.npmjs.org/object-inspect/-/object-inspect-1.13.4.tgz. Extracting by manifest.
485 silly tarball no local data for side-channel-map@https://registry.npmjs.org/side-channel-map/-/side-channel-map-1.0.1.tgz. Extracting by manifest.
486 silly tarball no local data for es-errors@https://registry.npmjs.org/es-errors/-/es-errors-1.3.0.tgz. Extracting by manifest.
487 silly tarball no local data for path-to-regexp@https://registry.npmjs.org/path-to-regexp/-/path-to-regexp-8.4.2.tgz. Extracting by manifest.
488 silly tarball no local data for is-promise@https://registry.npmjs.org/is-promise/-/is-promise-4.0.0.tgz. Extracting by manifest.
489 silly tarball no local data for unpipe@https://registry.npmjs.org/unpipe/-/unpipe-1.0.0.tgz. Extracting by manifest.
490 silly tarball no local data for side-channel@https://registry.npmjs.org/side-channel/-/side-channel-1.1.1.tgz. Extracting by manifest.
491 silly tarball no local data for es-define-property@https://registry.npmjs.org/es-define-property/-/es-define-property-1.0.1.tgz. Extracting by manifest.
492 silly tarball no local data for ipaddr.js@https://registry.npmjs.org/ipaddr.js/-/ipaddr.js-1.9.1.tgz. Extracting by manifest.
493 silly tarball no local data for forwarded@https://registry.npmjs.org/forwarded/-/forwarded-0.2.0.tgz. Extracting by manifest.
494 silly tarball no local data for wrappy@https://registry.npmjs.org/wrappy/-/wrappy-1.0.2.tgz. Extracting by manifest.
495 silly tarball no local data for ee-first@https://registry.npmjs.org/ee-first/-/ee-first-1.1.1.tgz. Extracting by manifest.
496 silly tarball no local data for mime-db@https://registry.npmjs.org/mime-db/-/mime-db-1.54.0.tgz. Extracting by manifest.
497 silly tarball no local data for toidentifier@https://registry.npmjs.org/toidentifier/-/toidentifier-1.0.1.tgz. Extracting by manifest.
498 silly tarball no local data for inherits@https://registry.npmjs.org/inherits/-/inherits-2.0.4.tgz. Extracting by manifest.
499 silly tarball no local data for safer-buffer@https://registry.npmjs.org/safer-buffer/-/safer-buffer-2.1.2.tgz. Extracting by manifest.
500 silly tarball no local data for ms@https://registry.npmjs.org/ms/-/ms-2.1.3.tgz. Extracting by manifest.
501 silly tarball no local data for raw-body@https://registry.npmjs.org/raw-body/-/raw-body-3.0.2.tgz. Extracting by manifest.
502 silly tarball no local data for setprototypeof@https://registry.npmjs.org/setprototypeof/-/setprototypeof-1.2.0.tgz. Extracting by manifest.
503 silly tarball no local data for bytes@https://registry.npmjs.org/bytes/-/bytes-3.1.2.tgz. Extracting by manifest.
504 silly tarball no local data for iconv-lite@https://registry.npmjs.org/iconv-lite/-/iconv-lite-0.7.3.tgz. Extracting by manifest.
505 silly tarball no local data for negotiator@https://registry.npmjs.org/negotiator/-/negotiator-1.1.0.tgz. Extracting by manifest.
506 silly tarball no local data for type-is@https://registry.npmjs.org/type-is/-/type-is-2.1.0.tgz. Extracting by manifest.
507 silly tarball no local data for statuses@https://registry.npmjs.org/statuses/-/statuses-2.0.2.tgz. Extracting by manifest.
508 silly tarball no local data for serve-static@https://registry.npmjs.org/serve-static/-/serve-static-2.2.1.tgz. Extracting by manifest.
509 silly tarball no local data for send@https://registry.npmjs.org/send/-/send-1.2.1.tgz. Extracting by manifest.
510 silly tarball no local data for router@https://registry.npmjs.org/router/-/router-2.2.0.tgz. Extracting by manifest.
511 silly tarball no local data for range-parser@https://registry.npmjs.org/range-parser/-/range-parser-1.3.0.tgz. Extracting by manifest.
512 silly tarball no local data for proxy-addr@https://registry.npmjs.org/proxy-addr/-/proxy-addr-2.0.8.tgz. Extracting by manifest.
513 silly tarball no local data for parseurl@https://registry.npmjs.org/parseurl/-/parseurl-1.3.3.tgz. Extracting by manifest.
514 silly tarball no local data for once@https://registry.npmjs.org/once/-/once-1.4.0.tgz. Extracting by manifest.
515 silly tarball no local data for on-finished@https://registry.npmjs.org/on-finished/-/on-finished-2.4.1.tgz. Extracting by manifest.
516 silly tarball no local data for qs@https://registry.npmjs.org/qs/-/qs-6.16.0.tgz. Extracting by manifest.
517 silly tarball no local data for mime-types@https://registry.npmjs.org/mime-types/-/mime-types-3.0.2.tgz. Extracting by manifest.
518 silly tarball no local data for merge-descriptors@https://registry.npmjs.org/merge-descriptors/-/merge-descriptors-2.0.0.tgz. Extracting by manifest.
519 silly tarball no local data for http-errors@https://registry.npmjs.org/http-errors/-/http-errors-2.0.1.tgz. Extracting by manifest.
520 silly tarball no local data for fresh@https://registry.npmjs.org/fresh/-/fresh-2.0.0.tgz. Extracting by manifest.
521 silly tarball no local data for finalhandler@https://registry.npmjs.org/finalhandler/-/finalhandler-2.1.1.tgz. Extracting by manifest.
522 silly tarball no local data for etag@https://registry.npmjs.org/etag/-/etag-1.8.1.tgz. Extracting by manifest.
523 silly tarball no local data for escape-html@https://registry.npmjs.org/escape-html/-/escape-html-1.0.3.tgz. Extracting by manifest.
524 silly tarball no local data for encodeurl@https://registry.npmjs.org/encodeurl/-/encodeurl-2.0.0.tgz. Extracting by manifest.
525 silly tarball no local data for debug@https://registry.npmjs.org/debug/-/debug-4.4.3.tgz. Extracting by manifest.
526 silly tarball no local data for cookie-signature@https://registry.npmjs.org/cookie-signature/-/cookie-signature-1.2.2.tgz. Extracting by manifest.
527 silly tarball no local data for content-type@https://registry.npmjs.org/content-type/-/content-type-1.0.5.tgz. Extracting by manifest.
528 silly tarball no local data for body-parser@https://registry.npmjs.org/body-parser/-/body-parser-2.3.0.tgz. Extracting by manifest.
529 silly tarball no local data for cookie@https://registry.npmjs.org/cookie/-/cookie-0.7.2.tgz. Extracting by manifest.
530 silly tarball no local data for accepts@https://registry.npmjs.org/accepts/-/accepts-2.0.0.tgz. Extracting by manifest.
531 silly tarball no local data for vary@https://registry.npmjs.org/vary/-/vary-1.1.2.tgz. Extracting by manifest.
532 silly tarball no local data for content-disposition@https://registry.npmjs.org/content-disposition/-/content-disposition-1.1.0.tgz. Extracting by manifest.
533 silly tarball no local data for object-assign@https://registry.npmjs.org/object-assign/-/object-assign-4.1.1.tgz. Extracting by manifest.
534 silly tarball no local data for depd@https://registry.npmjs.org/depd/-/depd-2.0.0.tgz. Extracting by manifest.
535 silly tarball no local data for express@https://registry.npmjs.org/express/-/express-5.2.1.tgz. Extracting by manifest.
536 silly tarball no local data for cors@https://registry.npmjs.org/cors/-/cors-2.8.6.tgz. Extracting by manifest.
537 silly tarball no local data for content-type@https://registry.npmjs.org/content-type/-/content-type-2.1.0.tgz. Extracting by manifest.
538 silly tarball no local data for content-type@https://registry.npmjs.org/content-type/-/content-type-2.1.0.tgz. Extracting by manifest.
539 http cache content-type@https://registry.npmjs.org/content-type/-/content-type-2.1.0.tgz 0ms (cache hit)
540 silly tarball no local data for content-type@https://registry.npmjs.org/content-type/-/content-type-2.1.0.tgz. Extracting by manifest.
541 http fetch POST 200 https://registry.npmjs.org/-/npm/v1/security/advisories/bulk 375ms
542 silly audit report {}
543 http fetch GET 200 https://registry.npmjs.org/dunder-proto/-/dunder-proto-1.0.1.tgz 310ms (cache miss)
544 http fetch GET 200 https://registry.npmjs.org/hasown/-/hasown-2.0.4.tgz 309ms (cache miss)
545 http fetch GET 200 https://registry.npmjs.org/media-typer/-/media-typer-1.1.1.tgz 316ms (cache miss)
546 http fetch GET 200 https://registry.npmjs.org/gopd/-/gopd-1.2.0.tgz 324ms (cache miss)
547 http fetch GET 200 https://registry.npmjs.org/es-errors/-/es-errors-1.3.0.tgz 347ms (cache miss)
548 http fetch GET 200 https://registry.npmjs.org/is-promise/-/is-promise-4.0.0.tgz 350ms (cache miss)
549 http fetch GET 200 https://registry.npmjs.org/has-symbols/-/has-symbols-1.1.0.tgz 373ms (cache miss)
550 http fetch GET 200 https://registry.npmjs.org/side-channel-map/-/side-channel-map-1.0.1.tgz 374ms (cache miss)
551 http fetch GET 200 https://registry.npmjs.org/unpipe/-/unpipe-1.0.0.tgz 377ms (cache miss)
552 http fetch GET 200 https://registry.npmjs.org/side-channel/-/side-channel-1.1.1.tgz 389ms (cache miss)
553 http fetch GET 200 https://registry.npmjs.org/ipaddr.js/-/ipaddr.js-1.9.1.tgz 411ms (cache miss)
554 http fetch GET 200 https://registry.npmjs.org/forwarded/-/forwarded-0.2.0.tgz 414ms (cache miss)
555 http fetch GET 200 https://registry.npmjs.org/get-proto/-/get-proto-1.0.1.tgz 447ms (cache miss)
556 http fetch GET 200 https://registry.npmjs.org/ee-first/-/ee-first-1.1.1.tgz 469ms (cache miss)
557 http fetch GET 200 https://registry.npmjs.org/es-define-property/-/es-define-property-1.0.1.tgz 481ms (cache miss)
558 http fetch GET 200 https://registry.npmjs.org/math-intrinsics/-/math-intrinsics-1.1.0.tgz 515ms (cache miss)
559 http fetch GET 200 https://registry.npmjs.org/side-channel-weakmap/-/side-channel-weakmap-1.0.2.tgz 513ms (cache miss)
560 http fetch GET 200 https://registry.npmjs.org/es-object-atoms/-/es-object-atoms-1.1.2.tgz 558ms (cache miss)
561 http fetch GET 200 https://registry.npmjs.org/wrappy/-/wrappy-1.0.2.tgz 554ms (cache miss)
562 http fetch GET 200 https://registry.npmjs.org/side-channel-list/-/side-channel-list-1.0.1.tgz 574ms (cache miss)
563 http fetch GET 200 https://registry.npmjs.org/ms/-/ms-2.1.3.tgz 566ms (cache miss)
564 http fetch GET 200 https://registry.npmjs.org/call-bound/-/call-bound-1.0.4.tgz 587ms (cache miss)
565 http fetch GET 200 https://registry.npmjs.org/safer-buffer/-/safer-buffer-2.1.2.tgz 593ms (cache miss)
566 http fetch GET 200 https://registry.npmjs.org/bytes/-/bytes-3.1.2.tgz 590ms (cache miss)
567 http fetch GET 200 https://registry.npmjs.org/toidentifier/-/toidentifier-1.0.1.tgz 611ms (cache miss)
568 http fetch GET 200 https://registry.npmjs.org/raw-body/-/raw-body-3.0.2.tgz 617ms (cache miss)
569 http fetch GET 200 https://registry.npmjs.org/function-bind/-/function-bind-1.1.2.tgz 643ms (cache miss)
570 http fetch GET 200 https://registry.npmjs.org/get-intrinsic/-/get-intrinsic-1.3.0.tgz 653ms (cache miss)
571 http fetch GET 200 https://registry.npmjs.org/inherits/-/inherits-2.0.4.tgz 645ms (cache miss)
572 http fetch GET 200 https://registry.npmjs.org/type-is/-/type-is-2.1.0.tgz 673ms (cache miss)
573 http fetch GET 200 https://registry.npmjs.org/statuses/-/statuses-2.0.2.tgz 682ms (cache miss)
574 http fetch GET 200 https://registry.npmjs.org/negotiator/-/negotiator-1.1.0.tgz 690ms (cache miss)
575 http fetch GET 200 https://registry.npmjs.org/setprototypeof/-/setprototypeof-1.2.0.tgz 693ms (cache miss)
576 http fetch GET 200 https://registry.npmjs.org/range-parser/-/range-parser-1.3.0.tgz 694ms (cache miss)
577 http fetch GET 200 https://registry.npmjs.org/router/-/router-2.2.0.tgz 716ms (cache miss)
578 http fetch GET 200 https://registry.npmjs.org/once/-/once-1.4.0.tgz 714ms (cache miss)
579 http fetch GET 200 https://registry.npmjs.org/parseurl/-/parseurl-1.3.3.tgz 719ms (cache miss)
580 http fetch GET 200 https://registry.npmjs.org/serve-static/-/serve-static-2.2.1.tgz 725ms (cache miss)
581 http fetch GET 200 https://registry.npmjs.org/merge-descriptors/-/merge-descriptors-2.0.0.tgz 722ms (cache miss)
582 http fetch GET 200 https://registry.npmjs.org/send/-/send-1.2.1.tgz 736ms (cache miss)
583 http fetch GET 200 https://registry.npmjs.org/proxy-addr/-/proxy-addr-2.0.8.tgz 734ms (cache miss)
584 http fetch GET 200 https://registry.npmjs.org/path-to-regexp/-/path-to-regexp-8.4.2.tgz 759ms (cache miss)
585 http fetch GET 200 https://registry.npmjs.org/http-errors/-/http-errors-2.0.1.tgz 733ms (cache miss)
586 http fetch GET 200 https://registry.npmjs.org/on-finished/-/on-finished-2.4.1.tgz 746ms (cache miss)
587 http fetch GET 200 https://registry.npmjs.org/encodeurl/-/encodeurl-2.0.0.tgz 738ms (cache miss)
588 http fetch GET 200 https://registry.npmjs.org/cookie-signature/-/cookie-signature-1.2.2.tgz 741ms (cache miss)
589 http fetch GET 200 https://registry.npmjs.org/finalhandler/-/finalhandler-2.1.1.tgz 749ms (cache miss)
590 http fetch GET 200 https://registry.npmjs.org/escape-html/-/escape-html-1.0.3.tgz 748ms (cache miss)
591 http fetch GET 200 https://registry.npmjs.org/content-type/-/content-type-1.0.5.tgz 745ms (cache miss)
592 http fetch GET 200 https://registry.npmjs.org/etag/-/etag-1.8.1.tgz 751ms (cache miss)
593 http fetch GET 200 https://registry.npmjs.org/mime-types/-/mime-types-3.0.2.tgz 757ms (cache miss)
594 http fetch GET 200 https://registry.npmjs.org/call-bind-apply-helpers/-/call-bind-apply-helpers-1.0.2.tgz 797ms (cache miss)
595 http fetch GET 200 https://registry.npmjs.org/fresh/-/fresh-2.0.0.tgz 757ms (cache miss)
596 http fetch GET 200 https://registry.npmjs.org/vary/-/vary-1.1.2.tgz 750ms (cache miss)
597 http fetch GET 200 https://registry.npmjs.org/object-assign/-/object-assign-4.1.1.tgz 749ms (cache miss)
598 http fetch GET 200 https://registry.npmjs.org/content-disposition/-/content-disposition-1.1.0.tgz 751ms (cache miss)
599 http fetch GET 200 https://registry.npmjs.org/mime-db/-/mime-db-1.54.0.tgz 787ms (cache miss)
600 http fetch GET 200 https://registry.npmjs.org/accepts/-/accepts-2.0.0.tgz 756ms (cache miss)
601 http fetch GET 200 https://registry.npmjs.org/cookie/-/cookie-0.7.2.tgz 758ms (cache miss)
602 http fetch GET 200 https://registry.npmjs.org/content-type/-/content-type-2.1.0.tgz 750ms (cache miss)
603 http fetch GET 200 https://registry.npmjs.org/cors/-/cors-2.8.6.tgz 758ms (cache miss)
604 http fetch GET 200 https://registry.npmjs.org/content-type/-/content-type-2.1.0.tgz 647ms (cache miss)
605 http fetch GET 200 https://registry.npmjs.org/depd/-/depd-2.0.0.tgz 764ms (cache miss)
606 http fetch GET 200 https://registry.npmjs.org/content-type/-/content-type-2.1.0.tgz 763ms (cache miss)
607 http fetch GET 200 https://registry.npmjs.org/debug/-/debug-4.4.3.tgz 778ms (cache miss)
608 http fetch GET 200 https://registry.npmjs.org/object-inspect/-/object-inspect-1.13.4.tgz 824ms (cache miss)
609 http fetch GET 200 https://registry.npmjs.org/body-parser/-/body-parser-2.3.0.tgz 787ms (cache miss)
610 http fetch GET 200 https://registry.npmjs.org/express/-/express-5.2.1.tgz 780ms (cache miss)
611 http fetch GET 200 https://registry.npmjs.org/iconv-lite/-/iconv-lite-0.7.3.tgz 835ms (cache miss)
612 http fetch GET 200 https://registry.npmjs.org/qs/-/qs-6.16.0.tgz 1236ms (cache miss)
613 silly ADD node_modules/media-typer
614 silly ADD node_modules/dunder-proto
615 silly ADD node_modules/math-intrinsics
616 silly ADD node_modules/hasown
617 silly ADD node_modules/has-symbols
618 silly ADD node_modules/gopd
619 silly ADD node_modules/get-proto
620 silly ADD node_modules/es-object-atoms
621 silly ADD node_modules/function-bind
622 silly ADD node_modules/call-bind-apply-helpers
623 silly ADD node_modules/get-intrinsic
624 silly ADD node_modules/call-bound
625 silly ADD node_modules/side-channel-weakmap
626 silly ADD node_modules/side-channel-map
627 silly ADD node_modules/side-channel-list
628 silly ADD node_modules/object-inspect
629 silly ADD node_modules/es-errors
630 silly ADD node_modules/path-to-regexp
631 silly ADD node_modules/is-promise
632 silly ADD node_modules/unpipe
633 silly ADD node_modules/side-channel
634 silly ADD node_modules/es-define-property
635 silly ADD node_modules/ipaddr.js
636 silly ADD node_modules/forwarded
637 silly ADD node_modules/wrappy
638 silly ADD node_modules/ee-first
639 silly ADD node_modules/mime-db
640 silly ADD node_modules/safer-buffer
641 silly ADD node_modules/toidentifier
642 silly ADD node_modules/setprototypeof
643 silly ADD node_modules/inherits
644 silly ADD node_modules/ms
645 silly ADD node_modules/raw-body
646 silly ADD node_modules/iconv-lite
647 silly ADD node_modules/bytes
648 silly ADD node_modules/negotiator
649 silly ADD node_modules/negotiator/node_modules/content-type
650 silly ADD node_modules/type-is
651 silly ADD node_modules/type-is/node_modules/content-type
652 silly ADD node_modules/statuses
653 silly ADD node_modules/serve-static
654 silly ADD node_modules/send
655 silly ADD node_modules/router
656 silly ADD node_modules/range-parser
657 silly ADD node_modules/qs
658 silly ADD node_modules/proxy-addr
659 silly ADD node_modules/parseurl
660 silly ADD node_modules/once
661 silly ADD node_modules/on-finished
662 silly ADD node_modules/mime-types
663 silly ADD node_modules/merge-descriptors
664 silly ADD node_modules/http-errors
665 silly ADD node_modules/fresh
666 silly ADD node_modules/finalhandler
667 silly ADD node_modules/etag
668 silly ADD node_modules/escape-html
669 silly ADD node_modules/encodeurl
670 silly ADD node_modules/depd
671 silly ADD node_modules/debug
672 silly ADD node_modules/cookie-signature
673 silly ADD node_modules/cookie
674 silly ADD node_modules/content-type
675 silly ADD node_modules/content-disposition
676 silly ADD node_modules/body-parser
677 silly ADD node_modules/body-parser/node_modules/content-type
678 silly ADD node_modules/accepts
679 silly ADD node_modules/vary
680 silly ADD node_modules/object-assign
681 silly ADD node_modules/express
682 silly ADD node_modules/cors
683 verbose cwd /data/data/com.termux/files/home
684 verbose os Linux 6.1.145-android14-11-maybe-dirty
685 verbose node v26.3.1
686 verbose npm  v11.17.0
687 verbose exit 0
688 info ok
